
**** 04/22/26 09:26:15 *********** Evaluation PSpice (Nov 1999) **************

 * G:\My Drive\1EWU\Course Content\CSE251\CSE251 Shared\CSE251 Lab Manual\PSpice\Exp 02.sch


 ****     CIRCUIT DESCRIPTION


******************************************************************************




* Schematics Version 9.1 - Web Update 1
* Wed Apr 22 09:16:10 2026



** Analysis setup **
.tran 0ns 10ms
.OP 


* From [PSPICE NETLIST] section of pspiceev.ini:
.lib "nom.lib"

.INC "Exp 02.net"

**** INCLUDING "Exp 02.net" ****
* Schematics Netlist *



D_D1         $N_0001 $N_0002 D1N4148 
R_R1         $N_0002 0  1k  
V_V1         $N_0001 0  
+SIN 0 5 500 0 0 0
C_C1         $N_0002 0  4.7u  

**** RESUMING "Exp 02.cir" ****
.INC "Exp 02.als"



**** INCLUDING "Exp 02.als" ****
* Schematics Aliases *

.ALIASES
D_D1            D1(1=$N_0001 2=$N_0002 )
R_R1            R1(1=$N_0002 2=0 )
V_V1            V1(+=$N_0001 -=0 )
C_C1            C1(1=$N_0002 2=0 )
.ENDALIASES


**** RESUMING "Exp 02.cir" ****
.probe


.END

**** 04/22/26 09:26:15 *********** Evaluation PSpice (Nov 1999) **************

 * G:\My Drive\1EWU\Course Content\CSE251\CSE251 Shared\CSE251 Lab Manual\PSpice\Exp 02.sch


 ****     Diode MODEL PARAMETERS


******************************************************************************




               D1N4148         
          IS    2.682000E-09 
           N    1.836        
         ISR    1.565000E-09 
         IKF     .04417      
          BV  100            
         IBV  100.000000E-06 
          RS     .5664       
          TT   11.540000E-09 
         CJO    4.000000E-12 
          VJ     .5          
           M     .3333       


**** 04/22/26 09:26:15 *********** Evaluation PSpice (Nov 1999) **************

 * G:\My Drive\1EWU\Course Content\CSE251\CSE251 Shared\CSE251 Lab Manual\PSpice\Exp 02.sch


 ****     SMALL SIGNAL BIAS SOLUTION       TEMPERATURE =   27.000 DEG C


******************************************************************************



 NODE   VOLTAGE     NODE   VOLTAGE     NODE   VOLTAGE     NODE   VOLTAGE


($N_0001)    0.0000                   ($N_0002) 88.03E-24                   




    VOLTAGE SOURCE CURRENTS
    NAME         CURRENT

    V_V1        -8.803E-26

    TOTAL POWER DISSIPATION   0.00E+00  WATTS


**** 04/22/26 09:26:15 *********** Evaluation PSpice (Nov 1999) **************

 * G:\My Drive\1EWU\Course Content\CSE251\CSE251 Shared\CSE251 Lab Manual\PSpice\Exp 02.sch


 ****     OPERATING POINT INFORMATION      TEMPERATURE =   27.000 DEG C


******************************************************************************






**** DIODES


NAME         D_D1      
MODEL        D1N4148   
ID           0.00E+00 
VD          -8.80E-23 
REQ          1.15E+07 
CAP          4.00E-12 
**** 04/22/26 09:26:15 *********** Evaluation PSpice (Nov 1999) **************

 * G:\My Drive\1EWU\Course Content\CSE251\CSE251 Shared\CSE251 Lab Manual\PSpice\Exp 02.sch


 ****     INITIAL TRANSIENT SOLUTION       TEMPERATURE =   27.000 DEG C


******************************************************************************



 NODE   VOLTAGE     NODE   VOLTAGE     NODE   VOLTAGE     NODE   VOLTAGE


($N_0001)    0.0000                   ($N_0002) 88.03E-24                   




    VOLTAGE SOURCE CURRENTS
    NAME         CURRENT

    V_V1        -8.803E-26

    TOTAL POWER DISSIPATION   0.00E+00  WATTS



          JOB CONCLUDED

          TOTAL JOB TIME             .09
