
**** 08/03/25 10:24:53 *********** Evaluation PSpice (Nov 1999) **************

 * G:\My Drive\1EWU\Course Content\CSE251\CSE251 Lab Manual\PSpice\exp 4 adder.sch


 ****     CIRCUIT DESCRIPTION


******************************************************************************




* Schematics Version 9.1 - Web Update 1
* Sun Aug 03 10:24:53 2025



** Analysis setup **
.OP 


* From [PSPICE NETLIST] section of pspiceev.ini:
.lib "nom.lib"

.INC "exp 4 adder.net"

**** INCLUDING "exp 4 adder.net" ****
* Schematics Netlist *



R_R4         $N_0002 $N_0001  1k  
R_R2         $N_0003 $N_0002  1k  
R_R3         $N_0004 $N_0002  1k  
R_R1         $N_0005 $N_0002  1k  
E_U1         $N_0001 0 VALUE {LIMIT(V(0,$N_0002)*1E6,-15V,+15V)}
R_R5         $N_0001 0  1k  
V_V1         $N_0005 0 1V
V_V2         $N_0003 0 2V
V_V3         $N_0004 0 3V

**** RESUMING "exp 4 adder.cir" ****
.INC "exp 4 adder.als"



**** INCLUDING "exp 4 adder.als" ****
* Schematics Aliases *

.ALIASES
R_R4            R4(1=$N_0002 2=$N_0001 )
R_R2            R2(1=$N_0003 2=$N_0002 )
R_R3            R3(1=$N_0004 2=$N_0002 )
R_R1            R1(1=$N_0005 2=$N_0002 )
E_U1            U1(OUT=$N_0001 +=0 -=$N_0002 )
R_R5            R5(1=$N_0001 2=0 )
V_V1            V1(+=$N_0005 -=0 )
V_V2            V2(+=$N_0003 -=0 )
V_V3            V3(+=$N_0004 -=0 )
.ENDALIASES


**** RESUMING "exp 4 adder.cir" ****
.probe


.END

**** 08/03/25 10:24:53 *********** Evaluation PSpice (Nov 1999) **************

 * G:\My Drive\1EWU\Course Content\CSE251\CSE251 Lab Manual\PSpice\exp 4 adder.sch


 ****     SMALL SIGNAL BIAS SOLUTION       TEMPERATURE =   27.000 DEG C


******************************************************************************



 NODE   VOLTAGE     NODE   VOLTAGE     NODE   VOLTAGE     NODE   VOLTAGE


($N_0001)   -6.0000                   ($N_0002) 6.000E-06                       

($N_0003)    2.0000                   ($N_0004)    3.0000                       

($N_0005)    1.0000                   




    VOLTAGE SOURCE CURRENTS
    NAME         CURRENT

    V_V1        -1.000E-03
    V_V2        -2.000E-03
    V_V3        -3.000E-03

    TOTAL POWER DISSIPATION   1.40E-02  WATTS


**** 08/03/25 10:24:53 *********** Evaluation PSpice (Nov 1999) **************

 * G:\My Drive\1EWU\Course Content\CSE251\CSE251 Lab Manual\PSpice\exp 4 adder.sch


 ****     OPERATING POINT INFORMATION      TEMPERATURE =   27.000 DEG C


******************************************************************************






**** VOLTAGE-CONTROLLED VOLTAGE SOURCES


NAME         E_U1      
V-SOURCE    -6.000E+00
I-SOURCE     1.200E-02

          JOB CONCLUDED

          TOTAL JOB TIME             .05
