
**** 08/13/25 09:00:04 *********** Evaluation PSpice (Nov 1999) **************

 * G:\My Drive\1EWU\Course Content\CSE251\CSE251 Lab Manual\PSpice\Exp 4.sch


 ****     CIRCUIT DESCRIPTION


******************************************************************************




* Schematics Version 9.1 - Web Update 1
* Wed Aug 13 09:00:04 2025



** Analysis setup **
.OP 


* From [PSPICE NETLIST] section of pspiceev.ini:
.lib "nom.lib"

.INC "Exp 4.net"

**** INCLUDING "Exp 4.net" ****
* Schematics Netlist *



R_R1         $N_0002 $N_0001  5k  
R_R2         0 $N_0002  1k  
R_R3         $N_0001 0  1k  
E_U1         $N_0001 0 VALUE {LIMIT(V($N_0003,$N_0002)*1E6,-15V,+15V)}
V_V1         $N_0004 0 1V
R_R11         $N_0004 $N_0003  1k  
R_R22         $N_0003 0  5k  

**** RESUMING "Exp 4.cir" ****
.INC "Exp 4.als"



**** INCLUDING "Exp 4.als" ****
* Schematics Aliases *

.ALIASES
R_R1            R1(1=$N_0002 2=$N_0001 )
R_R2            R2(1=0 2=$N_0002 )
R_R3            R3(1=$N_0001 2=0 )
E_U1            U1(OUT=$N_0001 +=$N_0003 -=$N_0002 )
V_V1            V1(+=$N_0004 -=0 )
R_R11           R11(1=$N_0004 2=$N_0003 )
R_R22           R22(1=$N_0003 2=0 )
.ENDALIASES


**** RESUMING "Exp 4.cir" ****
.probe


.END

**** 08/13/25 09:00:04 *********** Evaluation PSpice (Nov 1999) **************

 * G:\My Drive\1EWU\Course Content\CSE251\CSE251 Lab Manual\PSpice\Exp 4.sch


 ****     SMALL SIGNAL BIAS SOLUTION       TEMPERATURE =   27.000 DEG C


******************************************************************************



 NODE   VOLTAGE     NODE   VOLTAGE     NODE   VOLTAGE     NODE   VOLTAGE


($N_0001)    5.0000                   ($N_0002)     .8333                       

($N_0003)     .8333                   ($N_0004)    1.0000                   




    VOLTAGE SOURCE CURRENTS
    NAME         CURRENT

    V_V1        -1.667E-04

    TOTAL POWER DISSIPATION   1.67E-04  WATTS


**** 08/13/25 09:00:04 *********** Evaluation PSpice (Nov 1999) **************

 * G:\My Drive\1EWU\Course Content\CSE251\CSE251 Lab Manual\PSpice\Exp 4.sch


 ****     OPERATING POINT INFORMATION      TEMPERATURE =   27.000 DEG C


******************************************************************************






**** VOLTAGE-CONTROLLED VOLTAGE SOURCES


NAME         E_U1      
V-SOURCE     5.000E+00
I-SOURCE    -5.833E-03

          JOB CONCLUDED

          TOTAL JOB TIME             .05
