
**** 10/29/25 15:53:44 *********** Evaluation PSpice (Nov 1999) **************

 * G:\My Drive\1EWU\Course Content\CSE251\CSE251 Lab Manual\PSpice\Exp 01.sch


 ****     CIRCUIT DESCRIPTION


******************************************************************************




* Schematics Version 9.1 - Web Update 1
* Wed Oct 29 15:53:44 2025



** Analysis setup **
.DC LIN V_V2 0 25 0.001 
.tran 0.1ns 2.5ms
.OP 


* From [PSPICE NETLIST] section of pspiceev.ini:
.lib "nom.lib"

.INC "Exp 01.net"

**** INCLUDING "Exp 01.net" ****
* Schematics Netlist *



D_D1         $N_0001 $N_0002 D1N4148 
V_V2         $N_0001 0 0V
R_R1         $N_0002 0  10k  

**** RESUMING "Exp 01.cir" ****
.INC "Exp 01.als"



**** INCLUDING "Exp 01.als" ****
* Schematics Aliases *

.ALIASES
D_D1            D1(1=$N_0001 2=$N_0002 )
V_V2            V2(+=$N_0001 -=0 )
R_R1            R1(1=$N_0002 2=0 )
.ENDALIASES


**** RESUMING "Exp 01.cir" ****
.probe


.END

**** 10/29/25 15:53:44 *********** Evaluation PSpice (Nov 1999) **************

 * G:\My Drive\1EWU\Course Content\CSE251\CSE251 Lab Manual\PSpice\Exp 01.sch


 ****     Diode MODEL PARAMETERS


******************************************************************************




               D1N4148         
          IS    2.682000E-09 
           N    1.836        
         ISR    1.565000E-09 
         IKF     .04417      
          BV  100            
         IBV  100.000000E-06 
          RS     .5664       
          TT   11.540000E-09 
         CJO    4.000000E-12 
          VJ     .5          
           M     .3333       


**** 10/29/25 15:53:44 *********** Evaluation PSpice (Nov 1999) **************

 * G:\My Drive\1EWU\Course Content\CSE251\CSE251 Lab Manual\PSpice\Exp 01.sch


 ****     SMALL SIGNAL BIAS SOLUTION       TEMPERATURE =   27.000 DEG C


******************************************************************************



 NODE   VOLTAGE     NODE   VOLTAGE     NODE   VOLTAGE     NODE   VOLTAGE


($N_0001)    0.0000                   ($N_0002)-98.93E-18                   




    VOLTAGE SOURCE CURRENTS
    NAME         CURRENT

    V_V2         9.893E-21

    TOTAL POWER DISSIPATION   0.00E+00  WATTS


**** 10/29/25 15:53:44 *********** Evaluation PSpice (Nov 1999) **************

 * G:\My Drive\1EWU\Course Content\CSE251\CSE251 Lab Manual\PSpice\Exp 01.sch


 ****     OPERATING POINT INFORMATION      TEMPERATURE =   27.000 DEG C


******************************************************************************






**** DIODES


NAME         D_D1      
MODEL        D1N4148   
ID           8.49E-24 
VD           9.89E-17 
REQ          1.15E+07 
CAP          4.00E-12 
**** 10/29/25 15:53:44 *********** Evaluation PSpice (Nov 1999) **************

 * G:\My Drive\1EWU\Course Content\CSE251\CSE251 Lab Manual\PSpice\Exp 01.sch


 ****     INITIAL TRANSIENT SOLUTION       TEMPERATURE =   27.000 DEG C


******************************************************************************



 NODE   VOLTAGE     NODE   VOLTAGE     NODE   VOLTAGE     NODE   VOLTAGE


($N_0001)    0.0000                   ($N_0002)-98.93E-18                   




    VOLTAGE SOURCE CURRENTS
    NAME         CURRENT

    V_V2         9.893E-21

    TOTAL POWER DISSIPATION   0.00E+00  WATTS



          JOB CONCLUDED

          TOTAL JOB TIME             .74
