
**** 03/31/26 15:17:15 *********** Evaluation PSpice (Nov 1999) **************

 * G:\My Drive\1EWU\Course Content\CSE251\CSE251 Shared\CSE251 Lab Manual\PSpice\Exp-05-1.sch


 ****     CIRCUIT DESCRIPTION


******************************************************************************




* Schematics Version 9.1 - Web Update 1
* Tue Mar 31 15:17:15 2026



** Analysis setup **
.tran 45ms 50.5ms SKIPBP
.OP 


* From [PSPICE NETLIST] section of pspiceev.ini:
.lib "nom.lib"

.INC "Exp-05-1.net"

**** INCLUDING Exp-05-1.net ****
* Schematics Netlist *



R_R1         $N_0002 $N_0001  1k  
E_U1         $N_0003 0 VALUE {LIMIT(V(0,$N_0001)*1E6,-15V,+15V)}
V_V1         $N_0002 0 DC 0 
+PULSE 1 -1 0 1n 1n 628.314us 1.256628ms
C_C1         $N_0001 $N_0003  0.1u IC=0 
R_R5         $N_0001 $N_0003  999999999999999M  

**** RESUMING Exp-05-1.cir ****
.INC "Exp-05-1.als"



**** INCLUDING Exp-05-1.als ****
* Schematics Aliases *

.ALIASES
R_R1            R1(1=$N_0002 2=$N_0001 )
E_U1            U1(OUT=$N_0003 +=0 -=$N_0001 )
V_V1            V1(+=$N_0002 -=0 )
C_C1            C1(1=$N_0001 2=$N_0003 )
R_R5            R5(1=$N_0001 2=$N_0003 )
.ENDALIASES


**** RESUMING Exp-05-1.cir ****
.probe


.END

**** 03/31/26 15:17:15 *********** Evaluation PSpice (Nov 1999) **************

 * G:\My Drive\1EWU\Course Content\CSE251\CSE251 Shared\CSE251 Lab Manual\PSpice\Exp-05-1.sch


 ****     SMALL SIGNAL BIAS SOLUTION       TEMPERATURE =   27.000 DEG C


******************************************************************************



 NODE   VOLTAGE     NODE   VOLTAGE     NODE   VOLTAGE     NODE   VOLTAGE


($N_0001)    0.0000                   ($N_0002)    0.0000                       

($N_0003)    0.0000                   




    VOLTAGE SOURCE CURRENTS
    NAME         CURRENT

    V_V1         0.000E+00

    TOTAL POWER DISSIPATION   0.00E+00  WATTS


**** 03/31/26 15:17:15 *********** Evaluation PSpice (Nov 1999) **************

 * G:\My Drive\1EWU\Course Content\CSE251\CSE251 Shared\CSE251 Lab Manual\PSpice\Exp-05-1.sch


 ****     OPERATING POINT INFORMATION      TEMPERATURE =   27.000 DEG C


******************************************************************************






**** VOLTAGE-CONTROLLED VOLTAGE SOURCES


NAME         E_U1      
V-SOURCE     0.000E+00
I-SOURCE     0.000E+00

          JOB CONCLUDED

          TOTAL JOB TIME             .23
