
**** 12/17/25 09:37:40 *********** Evaluation PSpice (Nov 1999) **************

 * G:\My Drive\1EWU\Course Content\CSE251\CSE251 Lab Manual\PSpice\LabExam-Fall2025-solve.sch


 ****     CIRCUIT DESCRIPTION


******************************************************************************




* Schematics Version 9.1 - Web Update 1
* Wed Dec 17 09:37:40 2025



** Analysis setup **
.tran 0.1ns 5ms
.OP 


* From [PSPICE NETLIST] section of pspiceev.ini:
.lib "nom.lib"

.INC "LabExam-Fall2025-solve.net"

**** INCLUDING LabExam-Fall2025-solve.net ****
* Schematics Netlist *



R_R1         $N_0001 0  1k  
C_C1         $N_0001 0  10uF  
D_D1         $N_0002 $N_0001 D1N4148 
V_V1         $N_0002 0  
+SIN 0 5 500 0 0 0

**** RESUMING LabExam-Fall2025-solve.cir ****
.INC "LabExam-Fall2025-solve.als"



**** INCLUDING LabExam-Fall2025-solve.als ****
* Schematics Aliases *

.ALIASES
R_R1            R1(1=$N_0001 2=0 )
C_C1            C1(1=$N_0001 2=0 )
D_D1            D1(1=$N_0002 2=$N_0001 )
V_V1            V1(+=$N_0002 -=0 )
.ENDALIASES


**** RESUMING LabExam-Fall2025-solve.cir ****
.probe


.END

**** 12/17/25 09:37:40 *********** Evaluation PSpice (Nov 1999) **************

 * G:\My Drive\1EWU\Course Content\CSE251\CSE251 Lab Manual\PSpice\LabExam-Fall2025-solve.sch


 ****     Diode MODEL PARAMETERS


******************************************************************************




               D1N4148         
          IS    2.682000E-09 
           N    1.836        
         ISR    1.565000E-09 
         IKF     .04417      
          BV  100            
         IBV  100.000000E-06 
          RS     .5664       
          TT   11.540000E-09 
         CJO    4.000000E-12 
          VJ     .5          
           M     .3333       


**** 12/17/25 09:37:40 *********** Evaluation PSpice (Nov 1999) **************

 * G:\My Drive\1EWU\Course Content\CSE251\CSE251 Lab Manual\PSpice\LabExam-Fall2025-solve.sch


 ****     SMALL SIGNAL BIAS SOLUTION       TEMPERATURE =   27.000 DEG C


******************************************************************************



 NODE   VOLTAGE     NODE   VOLTAGE     NODE   VOLTAGE     NODE   VOLTAGE


($N_0001) 88.03E-24                   ($N_0002)    0.0000                   




    VOLTAGE SOURCE CURRENTS
    NAME         CURRENT

    V_V1        -8.803E-26

    TOTAL POWER DISSIPATION   0.00E+00  WATTS


**** 12/17/25 09:37:40 *********** Evaluation PSpice (Nov 1999) **************

 * G:\My Drive\1EWU\Course Content\CSE251\CSE251 Lab Manual\PSpice\LabExam-Fall2025-solve.sch


 ****     OPERATING POINT INFORMATION      TEMPERATURE =   27.000 DEG C


******************************************************************************






**** DIODES


NAME         D_D1      
MODEL        D1N4148   
ID           0.00E+00 
VD          -8.80E-23 
REQ          1.15E+07 
CAP          4.00E-12 
**** 12/17/25 09:37:40 *********** Evaluation PSpice (Nov 1999) **************

 * G:\My Drive\1EWU\Course Content\CSE251\CSE251 Lab Manual\PSpice\LabExam-Fall2025-solve.sch


 ****     INITIAL TRANSIENT SOLUTION       TEMPERATURE =   27.000 DEG C


******************************************************************************



 NODE   VOLTAGE     NODE   VOLTAGE     NODE   VOLTAGE     NODE   VOLTAGE


($N_0001) 88.03E-24                   ($N_0002)    0.0000                   




    VOLTAGE SOURCE CURRENTS
    NAME         CURRENT

    V_V1        -8.803E-26

    TOTAL POWER DISSIPATION   0.00E+00  WATTS



          JOB CONCLUDED

          TOTAL JOB TIME             .06
